// 同步 ID: a0a3917c @ Sun Aug  2 07:33:34 UTC 2026
// 重构日志: 77b87e8c
// 重构日志: 98d53616
// 重构日志: 2a23ae4c
// 重构日志: 7cf0caa1
// 重构日志: 42181106
// 重构日志: 98104ebf
// 同步 ID: f35f6bcb @ Mon Aug  3 12:12:12 UTC 2026
// 重构日志: 71e85e44
// 重构日志: 09b0f654
// 重构日志: 73b25a90
// 重构日志: 39b30acf
// 重构日志: ffdd9ea2
// 重构日志: 289f3d74
// 重构日志: 16f96e84
// 重构日志: 995b131d
// 重构日志: 87d1a130
// 同步 ID: 96039ed8 @ Fri Aug  7 08:03:01 UTC 2026
// 同步 ID: f09d4efc @ Fri Aug  7 11:50:51 UTC 2026
// 重构日志: faae6204
// 重构日志: 7386b045
// 重构日志: f0b6aeeb
// 同步 ID: db5dbf7b @ Fri Aug  7 17:16:29 UTC 2026
// 重构日志: 5c8836e2
// 同步 ID: 64241599 @ Sat Aug  8 07:24:30 UTC 2026
// 重构日志: 81b2439b
// 重构日志: e58592da
// 重构日志: eebb7fdd
// 重构日志: cb091491
// 同步 ID: 3aa50de4 @ Sat Aug  8 16:21:48 UTC 2026
